Analysis & Synthesis report for crc_checker
Thu Jun  6 12:01:41 2024
Quartus Prime Version 22.1std.1 Build 917 02/14/2023 SC Lite Edition


---------------------
; Table of Contents ;
---------------------
  1. Legal Notice
  2. Analysis & Synthesis Summary
  3. Analysis & Synthesis Settings
  4. Parallel Compilation
  5. Analysis & Synthesis Source Files Read
  6. Analysis & Synthesis Resource Usage Summary
  7. Analysis & Synthesis Resource Utilization by Entity
  8. User-Specified and Inferred Latches
  9. General Register Statistics
 10. Inverted Register Statistics
 11. Multiplexer Restructuring Statistics (Restructuring Performed)
 12. Post-Synthesis Netlist Statistics for Top Partition
 13. Elapsed Time Per Partition
 14. Analysis & Synthesis Messages



----------------
; Legal Notice ;
----------------
Copyright (C) 2023  Intel Corporation. All rights reserved.
Your use of Intel Corporation's design tools, logic functions 
and other software and tools, and any partner logic 
functions, and any output files from any of the foregoing 
(including device programming or simulation files), and any 
associated documentation or information are expressly subject 
to the terms and conditions of the Intel Program License 
Subscription Agreement, the Intel Quartus Prime License Agreement,
the Intel FPGA IP License Agreement, or other applicable license
agreement, including, without limitation, that your use is for
the sole purpose of programming logic devices manufactured by
Intel and sold by Intel or its authorized distributors.  Please
refer to the applicable agreement for further details, at
https://fpgasoftware.intel.com/eula.



+----------------------------------------------------------------------------------+
; Analysis & Synthesis Summary                                                     ;
+---------------------------------+------------------------------------------------+
; Analysis & Synthesis Status     ; Successful - Thu Jun  6 12:01:41 2024          ;
; Quartus Prime Version           ; 22.1std.1 Build 917 02/14/2023 SC Lite Edition ;
; Revision Name                   ; crc_checker                                    ;
; Top-level Entity Name           ; crc_checker                                    ;
; Family                          ; Cyclone V                                      ;
; Logic utilization (in ALMs)     ; N/A                                            ;
; Total registers                 ; 71                                             ;
; Total pins                      ; 25                                             ;
; Total virtual pins              ; 0                                              ;
; Total block memory bits         ; 0                                              ;
; Total DSP Blocks                ; 0                                              ;
; Total HSSI RX PCSs              ; 0                                              ;
; Total HSSI PMA RX Deserializers ; 0                                              ;
; Total HSSI TX PCSs              ; 0                                              ;
; Total HSSI PMA TX Serializers   ; 0                                              ;
; Total PLLs                      ; 0                                              ;
; Total DLLs                      ; 0                                              ;
+---------------------------------+------------------------------------------------+


+---------------------------------------------------------------------------------------------------------------------------+
; Analysis & Synthesis Settings                                                                                             ;
+---------------------------------------------------------------------------------+--------------------+--------------------+
; Option                                                                          ; Setting            ; Default Value      ;
+---------------------------------------------------------------------------------+--------------------+--------------------+
; Device                                                                          ; 5CSXFC6D6F31C6     ;                    ;
; Top-level entity name                                                           ; crc_checker        ; crc_checker        ;
; Family name                                                                     ; Cyclone V          ; Cyclone V          ;
; Use smart compilation                                                           ; Off                ; Off                ;
; Enable parallel Assembler and Timing Analyzer during compilation                ; On                 ; On                 ;
; Enable compact report table                                                     ; Off                ; Off                ;
; Restructure Multiplexers                                                        ; Auto               ; Auto               ;
; MLAB Add Timing Constraints For Mixed-Port Feed-Through Mode Setting Don't Care ; Off                ; Off                ;
; Create Debugging Nodes for IP Cores                                             ; Off                ; Off                ;
; Preserve fewer node names                                                       ; On                 ; On                 ;
; Intel FPGA IP Evaluation Mode                                                   ; Enable             ; Enable             ;
; Verilog Version                                                                 ; Verilog_2001       ; Verilog_2001       ;
; VHDL Version                                                                    ; VHDL_1993          ; VHDL_1993          ;
; State Machine Processing                                                        ; Auto               ; Auto               ;
; Safe State Machine                                                              ; Off                ; Off                ;
; Extract Verilog State Machines                                                  ; On                 ; On                 ;
; Extract VHDL State Machines                                                     ; On                 ; On                 ;
; Ignore Verilog initial constructs                                               ; Off                ; Off                ;
; Iteration limit for constant Verilog loops                                      ; 5000               ; 5000               ;
; Iteration limit for non-constant Verilog loops                                  ; 250                ; 250                ;
; Add Pass-Through Logic to Inferred RAMs                                         ; On                 ; On                 ;
; Infer RAMs from Raw Logic                                                       ; On                 ; On                 ;
; Parallel Synthesis                                                              ; On                 ; On                 ;
; DSP Block Balancing                                                             ; Auto               ; Auto               ;
; NOT Gate Push-Back                                                              ; On                 ; On                 ;
; Power-Up Don't Care                                                             ; On                 ; On                 ;
; Remove Redundant Logic Cells                                                    ; Off                ; Off                ;
; Remove Duplicate Registers                                                      ; On                 ; On                 ;
; Ignore CARRY Buffers                                                            ; Off                ; Off                ;
; Ignore CASCADE Buffers                                                          ; Off                ; Off                ;
; Ignore GLOBAL Buffers                                                           ; Off                ; Off                ;
; Ignore ROW GLOBAL Buffers                                                       ; Off                ; Off                ;
; Ignore LCELL Buffers                                                            ; Off                ; Off                ;
; Ignore SOFT Buffers                                                             ; On                 ; On                 ;
; Limit AHDL Integers to 32 Bits                                                  ; Off                ; Off                ;
; Optimization Technique                                                          ; Balanced           ; Balanced           ;
; Carry Chain Length                                                              ; 70                 ; 70                 ;
; Auto Carry Chains                                                               ; On                 ; On                 ;
; Auto Open-Drain Pins                                                            ; On                 ; On                 ;
; Perform WYSIWYG Primitive Resynthesis                                           ; Off                ; Off                ;
; Auto ROM Replacement                                                            ; On                 ; On                 ;
; Auto RAM Replacement                                                            ; On                 ; On                 ;
; Auto DSP Block Replacement                                                      ; On                 ; On                 ;
; Auto Shift Register Replacement                                                 ; Auto               ; Auto               ;
; Allow Shift Register Merging across Hierarchies                                 ; Auto               ; Auto               ;
; Auto Clock Enable Replacement                                                   ; On                 ; On                 ;
; Strict RAM Replacement                                                          ; Off                ; Off                ;
; Allow Synchronous Control Signals                                               ; On                 ; On                 ;
; Force Use of Synchronous Clear Signals                                          ; Off                ; Off                ;
; Auto Resource Sharing                                                           ; Off                ; Off                ;
; Allow Any RAM Size For Recognition                                              ; Off                ; Off                ;
; Allow Any ROM Size For Recognition                                              ; Off                ; Off                ;
; Allow Any Shift Register Size For Recognition                                   ; Off                ; Off                ;
; Use LogicLock Constraints during Resource Balancing                             ; On                 ; On                 ;
; Ignore translate_off and synthesis_off directives                               ; Off                ; Off                ;
; Timing-Driven Synthesis                                                         ; On                 ; On                 ;
; Report Parameter Settings                                                       ; On                 ; On                 ;
; Report Source Assignments                                                       ; On                 ; On                 ;
; Report Connectivity Checks                                                      ; On                 ; On                 ;
; Ignore Maximum Fan-Out Assignments                                              ; Off                ; Off                ;
; Synchronization Register Chain Length                                           ; 3                  ; 3                  ;
; Power Optimization During Synthesis                                             ; Normal compilation ; Normal compilation ;
; HDL message level                                                               ; Level2             ; Level2             ;
; Suppress Register Optimization Related Messages                                 ; Off                ; Off                ;
; Number of Removed Registers Reported in Synthesis Report                        ; 5000               ; 5000               ;
; Number of Swept Nodes Reported in Synthesis Report                              ; 5000               ; 5000               ;
; Number of Inverted Registers Reported in Synthesis Report                       ; 100                ; 100                ;
; Clock MUX Protection                                                            ; On                 ; On                 ;
; Auto Gated Clock Conversion                                                     ; Off                ; Off                ;
; Block Design Naming                                                             ; Auto               ; Auto               ;
; SDC constraint protection                                                       ; Off                ; Off                ;
; Synthesis Effort                                                                ; Auto               ; Auto               ;
; Shift Register Replacement - Allow Asynchronous Clear Signal                    ; On                 ; On                 ;
; Pre-Mapping Resynthesis Optimization                                            ; Off                ; Off                ;
; Analysis & Synthesis Message Level                                              ; Medium             ; Medium             ;
; Disable Register Merging Across Hierarchies                                     ; Auto               ; Auto               ;
; Resource Aware Inference For Block RAM                                          ; On                 ; On                 ;
; Automatic Parallel Synthesis                                                    ; On                 ; On                 ;
; Partial Reconfiguration Bitstream ID                                            ; Off                ; Off                ;
+---------------------------------------------------------------------------------+--------------------+--------------------+


+------------------------------------------+
; Parallel Compilation                     ;
+----------------------------+-------------+
; Processors                 ; Number      ;
+----------------------------+-------------+
; Number detected on machine ; 6           ;
; Maximum allowed            ; 6           ;
;                            ;             ;
; Average used               ; 1.00        ;
; Maximum used               ; 6           ;
;                            ;             ;
; Usage by Processor         ; % Time Used ;
;     Processor 1            ; 100.0%      ;
;     Processor 2            ;   0.0%      ;
;     Processors 3-6         ;   0.0%      ;
+----------------------------+-------------+


+----------------------------------------------------------------------------------------------------------------------------------------------------------------------------------------+
; Analysis & Synthesis Source Files Read                                                                                                                                                 ;
+----------------------------------+-----------------+-----------------+-------------------------------------------------------------------------------------------------------+---------+
; File Name with User-Entered Path ; Used in Netlist ; File Type       ; File Name with Absolute Path                                                                          ; Library ;
+----------------------------------+-----------------+-----------------+-------------------------------------------------------------------------------------------------------+---------+
; crc_checker.vhd                  ; yes             ; User VHDL File  ; /home/mk179/semesters/semester2/aes/labor/github/UniUlm_AES_Labor/L6/A1/Quartus/crc_checker.vhd       ;         ;
; crc_checker_logic.vhd            ; yes             ; User VHDL File  ; /home/mk179/semesters/semester2/aes/labor/github/UniUlm_AES_Labor/L6/A1/Quartus/crc_checker_logic.vhd ;         ;
+----------------------------------+-----------------+-----------------+-------------------------------------------------------------------------------------------------------+---------+


+------------------------------------------------------------+
; Analysis & Synthesis Resource Usage Summary                ;
+---------------------------------------------+--------------+
; Resource                                    ; Usage        ;
+---------------------------------------------+--------------+
; Estimate of Logic utilization (ALMs needed) ; 277          ;
;                                             ;              ;
; Combinational ALUT usage for logic          ; 369          ;
;     -- 7 input functions                    ; 11           ;
;     -- 6 input functions                    ; 173          ;
;     -- 5 input functions                    ; 46           ;
;     -- 4 input functions                    ; 82           ;
;     -- <=3 input functions                  ; 57           ;
;                                             ;              ;
; Dedicated logic registers                   ; 71           ;
;                                             ;              ;
; I/O pins                                    ; 25           ;
;                                             ;              ;
; Total DSP Blocks                            ; 0            ;
;                                             ;              ;
; Maximum fan-out node                        ; KEY[0]~input ;
; Maximum fan-out                             ; 119          ;
; Total fan-out                               ; 2209         ;
; Average fan-out                             ; 4.51         ;
+---------------------------------------------+--------------+


+-------------------------------------------------------------------------------------------------------------------------------------------------------------------------------------------------------------+
; Analysis & Synthesis Resource Utilization by Entity                                                                                                                                                         ;
+----------------------------+---------------------+---------------------------+-------------------+------------+------+--------------+------------------------------------+-------------------+--------------+
; Compilation Hierarchy Node ; Combinational ALUTs ; Dedicated Logic Registers ; Block Memory Bits ; DSP Blocks ; Pins ; Virtual Pins ; Full Hierarchy Name                ; Entity Name       ; Library Name ;
+----------------------------+---------------------+---------------------------+-------------------+------------+------+--------------+------------------------------------+-------------------+--------------+
; |crc_checker               ; 369 (47)            ; 71 (0)                    ; 0                 ; 0          ; 25   ; 0            ; |crc_checker                       ; crc_checker       ; work         ;
;    |crc_checker_logic:CRC| ; 322 (322)           ; 71 (71)                   ; 0                 ; 0          ; 0    ; 0            ; |crc_checker|crc_checker_logic:CRC ; crc_checker_logic ; work         ;
+----------------------------+---------------------+---------------------------+-------------------+------------+------+--------------+------------------------------------+-------------------+--------------+
Note: For table entries with two numbers listed, the numbers in parentheses indicate the number of resources of the given type used by the specific entity alone. The numbers listed outside of parentheses indicate the total resources of the given type used by the specific entity and all of its sub-entities in the hierarchy.


+--------------------------------------------------------------------------------------------------------------------------+
; User-Specified and Inferred Latches                                                                                      ;
+-----------------------------------------------------+-------------------------------------------+------------------------+
; Latch Name                                          ; Latch Enable Signal                       ; Free of Timing Hazards ;
+-----------------------------------------------------+-------------------------------------------+------------------------+
; crc_checker_logic:CRC|s_adr0_register[16]           ; crc_checker_logic:CRC|s_adr0_register[0]  ; yes                    ;
; crc_checker_logic:CRC|s_adr0_register[24]           ; crc_checker_logic:CRC|s_adr0_register[0]  ; yes                    ;
; crc_checker_logic:CRC|s_adr0_register[8]            ; crc_checker_logic:CRC|s_adr0_register[0]  ; yes                    ;
; crc_checker_logic:CRC|s_adr0_register[17]           ; crc_checker_logic:CRC|s_adr0_register[0]  ; yes                    ;
; crc_checker_logic:CRC|s_adr0_register[25]           ; crc_checker_logic:CRC|s_adr0_register[0]  ; yes                    ;
; crc_checker_logic:CRC|s_adr0_register[9]            ; crc_checker_logic:CRC|s_adr0_register[0]  ; yes                    ;
; crc_checker_logic:CRC|s_adr0_register[18]           ; crc_checker_logic:CRC|s_adr0_register[0]  ; yes                    ;
; crc_checker_logic:CRC|s_adr0_register[26]           ; crc_checker_logic:CRC|s_adr0_register[0]  ; yes                    ;
; crc_checker_logic:CRC|s_adr0_register[10]           ; crc_checker_logic:CRC|s_adr0_register[0]  ; yes                    ;
; crc_checker_logic:CRC|s_adr0_register[19]           ; crc_checker_logic:CRC|s_adr0_register[0]  ; yes                    ;
; crc_checker_logic:CRC|s_adr0_register[27]           ; crc_checker_logic:CRC|s_adr0_register[0]  ; yes                    ;
; crc_checker_logic:CRC|s_adr0_register[11]           ; crc_checker_logic:CRC|s_adr0_register[0]  ; yes                    ;
; crc_checker_logic:CRC|s_adr0_register[20]           ; crc_checker_logic:CRC|s_adr0_register[0]  ; yes                    ;
; crc_checker_logic:CRC|s_adr0_register[28]           ; crc_checker_logic:CRC|s_adr0_register[0]  ; yes                    ;
; crc_checker_logic:CRC|s_adr0_register[12]           ; crc_checker_logic:CRC|s_adr0_register[0]  ; yes                    ;
; crc_checker_logic:CRC|s_adr0_register[21]           ; crc_checker_logic:CRC|s_adr0_register[0]  ; yes                    ;
; crc_checker_logic:CRC|s_adr0_register[29]           ; crc_checker_logic:CRC|s_adr0_register[0]  ; yes                    ;
; crc_checker_logic:CRC|s_adr0_register[13]           ; crc_checker_logic:CRC|s_adr0_register[0]  ; yes                    ;
; crc_checker_logic:CRC|s_adr0_register[22]           ; crc_checker_logic:CRC|s_adr0_register[0]  ; yes                    ;
; crc_checker_logic:CRC|s_adr0_register[30]           ; crc_checker_logic:CRC|s_adr0_register[0]  ; yes                    ;
; crc_checker_logic:CRC|s_adr0_register[14]           ; crc_checker_logic:CRC|s_adr0_register[0]  ; yes                    ;
; crc_checker_logic:CRC|s_adr0_register[23]           ; crc_checker_logic:CRC|s_adr0_register[0]  ; yes                    ;
; crc_checker_logic:CRC|s_adr0_register[31]           ; crc_checker_logic:CRC|s_adr0_register[0]  ; yes                    ;
; crc_checker_logic:CRC|s_adr0_register[15]           ; crc_checker_logic:CRC|s_adr0_register[0]  ; yes                    ;
; crc_checker_logic:CRC|s_adr0_register[7]            ; crc_checker_logic:CRC|s_adr0_register[0]  ; yes                    ;
; s_adr_in[16]                                        ; s_adr_in[16]                              ; yes                    ;
; s_address                                           ; s_address                                 ; yes                    ;
; s_adr_in[0]                                         ; s_adr_in[0]                               ; yes                    ;
; s_adr_in[24]                                        ; s_adr_in[24]                              ; yes                    ;
; s_adr_in[8]                                         ; s_adr_in[8]                               ; yes                    ;
; crc_checker_logic:CRC|s_adr1_register[24]           ; crc_checker_logic:CRC|s_adr1_register[24] ; yes                    ;
; crc_checker_logic:CRC|s_adr0_register[0]            ; crc_checker_logic:CRC|s_adr0_register[0]  ; yes                    ;
; s_adr_in[17]                                        ; s_adr_in[16]                              ; yes                    ;
; s_adr_in[25]                                        ; s_adr_in[24]                              ; yes                    ;
; s_adr_in[9]                                         ; s_adr_in[8]                               ; yes                    ;
; crc_checker_logic:CRC|s_adr1_register[25]           ; crc_checker_logic:CRC|s_adr1_register[24] ; yes                    ;
; crc_checker_logic:CRC|s_adr0_register[1]            ; crc_checker_logic:CRC|s_adr0_register[0]  ; yes                    ;
; s_adr_in[18]                                        ; s_adr_in[16]                              ; yes                    ;
; s_adr_in[26]                                        ; s_adr_in[24]                              ; yes                    ;
; s_adr_in[10]                                        ; s_adr_in[8]                               ; yes                    ;
; crc_checker_logic:CRC|s_adr1_register[26]           ; crc_checker_logic:CRC|s_adr1_register[24] ; yes                    ;
; crc_checker_logic:CRC|s_adr0_register[2]            ; crc_checker_logic:CRC|s_adr0_register[0]  ; yes                    ;
; s_adr_in[19]                                        ; s_adr_in[16]                              ; yes                    ;
; s_adr_in[27]                                        ; s_adr_in[24]                              ; yes                    ;
; s_adr_in[11]                                        ; s_adr_in[8]                               ; yes                    ;
; crc_checker_logic:CRC|s_adr1_register[27]           ; crc_checker_logic:CRC|s_adr1_register[24] ; yes                    ;
; crc_checker_logic:CRC|s_adr0_register[3]            ; crc_checker_logic:CRC|s_adr0_register[0]  ; yes                    ;
; s_adr_in[20]                                        ; s_adr_in[16]                              ; yes                    ;
; s_adr_in[28]                                        ; s_adr_in[24]                              ; yes                    ;
; s_adr_in[12]                                        ; s_adr_in[8]                               ; yes                    ;
; crc_checker_logic:CRC|s_adr1_register[28]           ; crc_checker_logic:CRC|s_adr1_register[24] ; yes                    ;
; crc_checker_logic:CRC|s_adr0_register[4]            ; crc_checker_logic:CRC|s_adr0_register[0]  ; yes                    ;
; s_adr_in[21]                                        ; s_adr_in[16]                              ; yes                    ;
; s_adr_in[29]                                        ; s_adr_in[24]                              ; yes                    ;
; s_adr_in[13]                                        ; s_adr_in[8]                               ; yes                    ;
; crc_checker_logic:CRC|s_adr1_register[29]           ; crc_checker_logic:CRC|s_adr1_register[24] ; yes                    ;
; crc_checker_logic:CRC|s_adr0_register[5]            ; crc_checker_logic:CRC|s_adr0_register[0]  ; yes                    ;
; s_adr_in[22]                                        ; s_adr_in[16]                              ; yes                    ;
; s_adr_in[30]                                        ; s_adr_in[24]                              ; yes                    ;
; s_adr_in[14]                                        ; s_adr_in[8]                               ; yes                    ;
; crc_checker_logic:CRC|s_adr1_register[30]           ; crc_checker_logic:CRC|s_adr1_register[24] ; yes                    ;
; crc_checker_logic:CRC|s_adr0_register[6]            ; crc_checker_logic:CRC|s_adr0_register[0]  ; yes                    ;
; s_adr_in[23]                                        ; s_adr_in[16]                              ; yes                    ;
; s_adr_in[31]                                        ; s_adr_in[24]                              ; yes                    ;
; s_adr_in[15]                                        ; s_adr_in[8]                               ; yes                    ;
; s_adr_in[7]                                         ; s_adr_in[0]                               ; yes                    ;
; crc_checker_logic:CRC|s_adr1_register[31]           ; crc_checker_logic:CRC|s_adr1_register[24] ; yes                    ;
; s_adr_in[1]                                         ; s_adr_in[0]                               ; yes                    ;
; s_adr_in[2]                                         ; s_adr_in[0]                               ; yes                    ;
; s_adr_in[3]                                         ; s_adr_in[0]                               ; yes                    ;
; s_adr_in[4]                                         ; s_adr_in[0]                               ; yes                    ;
; s_adr_in[5]                                         ; s_adr_in[0]                               ; yes                    ;
; s_adr_in[6]                                         ; s_adr_in[0]                               ; yes                    ;
; Number of user-specified and inferred latches = 73  ;                                           ;                        ;
+-----------------------------------------------------+-------------------------------------------+------------------------+
Note: All latches listed above may not be present at the end of synthesis due to various synthesis optimizations.


+------------------------------------------------------+
; General Register Statistics                          ;
+----------------------------------------------+-------+
; Statistic                                    ; Value ;
+----------------------------------------------+-------+
; Total registers                              ; 71    ;
; Number of registers using Synchronous Clear  ; 0     ;
; Number of registers using Synchronous Load   ; 33    ;
; Number of registers using Asynchronous Clear ; 71    ;
; Number of registers using Asynchronous Load  ; 0     ;
; Number of registers using Clock Enable       ; 65    ;
; Number of registers using Preset             ; 0     ;
+----------------------------------------------+-------+


+--------------------------------------------------+
; Inverted Register Statistics                     ;
+----------------------------------------+---------+
; Inverted Register                      ; Fan out ;
+----------------------------------------+---------+
; crc_checker_logic:CRC|s_counter[2]     ; 78      ;
; crc_checker_logic:CRC|s_counter[1]     ; 72      ;
; crc_checker_logic:CRC|s_counter[0]     ; 53      ;
; crc_checker_logic:CRC|s_counter[4]     ; 72      ;
; crc_checker_logic:CRC|s_counter[3]     ; 72      ;
; Total number of inverted registers = 5 ;         ;
+----------------------------------------+---------+


+---------------------------------------------------------------------------------------------------------------------------------------------------------------+
; Multiplexer Restructuring Statistics (Restructuring Performed)                                                                                                ;
+--------------------+-----------+---------------+----------------------+------------------------+------------+-------------------------------------------------+
; Multiplexer Inputs ; Bus Width ; Baseline Area ; Area if Restructured ; Saving if Restructured ; Registered ; Example Multiplexer Output                      ;
+--------------------+-----------+---------------+----------------------+------------------------+------------+-------------------------------------------------+
; 3:1                ; 5 bits    ; 10 LEs        ; 5 LEs                ; 5 LEs                  ; Yes        ; |crc_checker|crc_checker_logic:CRC|s_counter[1] ;
; 4:1                ; 24 bits   ; 48 LEs        ; 48 LEs               ; 0 LEs                  ; No         ; |crc_checker|crc_checker_logic:CRC|Mux8         ;
; 4:1                ; 8 bits    ; 16 LEs        ; 16 LEs               ; 0 LEs                  ; No         ; |crc_checker|LEDR[0]                            ;
; 7:1                ; 7 bits    ; 28 LEs        ; 28 LEs               ; 0 LEs                  ; No         ; |crc_checker|crc_checker_logic:CRC|Mux6         ;
+--------------------+-----------+---------------+----------------------+------------------------+------------+-------------------------------------------------+


+-----------------------------------------------------+
; Post-Synthesis Netlist Statistics for Top Partition ;
+-----------------------+-----------------------------+
; Type                  ; Count                       ;
+-----------------------+-----------------------------+
; arriav_ff             ; 71                          ;
;     CLR               ; 6                           ;
;     ENA CLR           ; 32                          ;
;     ENA CLR SLD       ; 33                          ;
; arriav_lcell_comb     ; 370                         ;
;     extend            ; 11                          ;
;         7 data inputs ; 11                          ;
;     normal            ; 359                         ;
;         0 data inputs ; 1                           ;
;         2 data inputs ; 11                          ;
;         3 data inputs ; 46                          ;
;         4 data inputs ; 82                          ;
;         5 data inputs ; 46                          ;
;         6 data inputs ; 173                         ;
; boundary_port         ; 25                          ;
;                       ;                             ;
; Max LUT depth         ; 5.00                        ;
; Average LUT depth     ; 3.32                        ;
+-----------------------+-----------------------------+


+-------------------------------+
; Elapsed Time Per Partition    ;
+----------------+--------------+
; Partition Name ; Elapsed Time ;
+----------------+--------------+
; Top            ; 00:00:00     ;
+----------------+--------------+


+-------------------------------+
; Analysis & Synthesis Messages ;
+-------------------------------+
Info: *******************************************************************
Info: Running Quartus Prime Analysis & Synthesis
    Info: Version 22.1std.1 Build 917 02/14/2023 SC Lite Edition
    Info: Processing started: Thu Jun  6 12:01:34 2024
Info: Command: quartus_map --read_settings_files=on --write_settings_files=off crc_checker -c crc_checker
Warning (18236): Number of processors has not been specified which may cause overloading on shared machines.  Set the global assignment NUM_PARALLEL_PROCESSORS in your QSF to an appropriate value for best performance.
Info (20030): Parallel compilation is enabled and will use 6 of the 6 processors detected
Info (12021): Found 2 design units, including 1 entities, in source file crc_checker.vhd
    Info (12022): Found design unit 1: crc_checker-BEHAVIOR File: /home/mk179/semesters/semester2/aes/labor/github/UniUlm_AES_Labor/L6/A1/Quartus/crc_checker.vhd Line: 16
    Info (12023): Found entity 1: crc_checker File: /home/mk179/semesters/semester2/aes/labor/github/UniUlm_AES_Labor/L6/A1/Quartus/crc_checker.vhd Line: 6
Info (12021): Found 2 design units, including 1 entities, in source file crc_checker_logic.vhd
    Info (12022): Found design unit 1: crc_checker_logic-BEHAVIOR File: /home/mk179/semesters/semester2/aes/labor/github/UniUlm_AES_Labor/L6/A1/Quartus/crc_checker_logic.vhd Line: 18
    Info (12023): Found entity 1: crc_checker_logic File: /home/mk179/semesters/semester2/aes/labor/github/UniUlm_AES_Labor/L6/A1/Quartus/crc_checker_logic.vhd Line: 6
Info (12127): Elaborating entity "crc_checker" for the top level hierarchy
Warning (10492): VHDL Process Statement warning at crc_checker.vhd(43): signal "s_address" is read inside the Process Statement but isn't in the Process Statement's sensitivity list File: /home/mk179/semesters/semester2/aes/labor/github/UniUlm_AES_Labor/L6/A1/Quartus/crc_checker.vhd Line: 43
Warning (10492): VHDL Process Statement warning at crc_checker.vhd(51): signal "SW" is read inside the Process Statement but isn't in the Process Statement's sensitivity list File: /home/mk179/semesters/semester2/aes/labor/github/UniUlm_AES_Labor/L6/A1/Quartus/crc_checker.vhd Line: 51
Warning (10492): VHDL Process Statement warning at crc_checker.vhd(52): signal "SW" is read inside the Process Statement but isn't in the Process Statement's sensitivity list File: /home/mk179/semesters/semester2/aes/labor/github/UniUlm_AES_Labor/L6/A1/Quartus/crc_checker.vhd Line: 52
Warning (10492): VHDL Process Statement warning at crc_checker.vhd(54): signal "SW" is read inside the Process Statement but isn't in the Process Statement's sensitivity list File: /home/mk179/semesters/semester2/aes/labor/github/UniUlm_AES_Labor/L6/A1/Quartus/crc_checker.vhd Line: 54
Warning (10492): VHDL Process Statement warning at crc_checker.vhd(55): signal "SW" is read inside the Process Statement but isn't in the Process Statement's sensitivity list File: /home/mk179/semesters/semester2/aes/labor/github/UniUlm_AES_Labor/L6/A1/Quartus/crc_checker.vhd Line: 55
Warning (10492): VHDL Process Statement warning at crc_checker.vhd(57): signal "SW" is read inside the Process Statement but isn't in the Process Statement's sensitivity list File: /home/mk179/semesters/semester2/aes/labor/github/UniUlm_AES_Labor/L6/A1/Quartus/crc_checker.vhd Line: 57
Warning (10492): VHDL Process Statement warning at crc_checker.vhd(58): signal "SW" is read inside the Process Statement but isn't in the Process Statement's sensitivity list File: /home/mk179/semesters/semester2/aes/labor/github/UniUlm_AES_Labor/L6/A1/Quartus/crc_checker.vhd Line: 58
Warning (10492): VHDL Process Statement warning at crc_checker.vhd(60): signal "SW" is read inside the Process Statement but isn't in the Process Statement's sensitivity list File: /home/mk179/semesters/semester2/aes/labor/github/UniUlm_AES_Labor/L6/A1/Quartus/crc_checker.vhd Line: 60
Warning (10492): VHDL Process Statement warning at crc_checker.vhd(61): signal "SW" is read inside the Process Statement but isn't in the Process Statement's sensitivity list File: /home/mk179/semesters/semester2/aes/labor/github/UniUlm_AES_Labor/L6/A1/Quartus/crc_checker.vhd Line: 61
Warning (10631): VHDL Process Statement warning at crc_checker.vhd(27): inferring latch(es) for signal or variable "s_address", which holds its previous value in one or more paths through the process File: /home/mk179/semesters/semester2/aes/labor/github/UniUlm_AES_Labor/L6/A1/Quartus/crc_checker.vhd Line: 27
Warning (10631): VHDL Process Statement warning at crc_checker.vhd(27): inferring latch(es) for signal or variable "s_adr_in", which holds its previous value in one or more paths through the process File: /home/mk179/semesters/semester2/aes/labor/github/UniUlm_AES_Labor/L6/A1/Quartus/crc_checker.vhd Line: 27
Warning (10631): VHDL Process Statement warning at crc_checker.vhd(70): inferring latch(es) for signal or variable "LEDR", which holds its previous value in one or more paths through the process File: /home/mk179/semesters/semester2/aes/labor/github/UniUlm_AES_Labor/L6/A1/Quartus/crc_checker.vhd Line: 70
Warning (10873): Using initial value X (don't care) for net "LEDR[9..8]" at crc_checker.vhd(11) File: /home/mk179/semesters/semester2/aes/labor/github/UniUlm_AES_Labor/L6/A1/Quartus/crc_checker.vhd Line: 11
Info (10041): Inferred latch for "LEDR[0]" at crc_checker.vhd(70) File: /home/mk179/semesters/semester2/aes/labor/github/UniUlm_AES_Labor/L6/A1/Quartus/crc_checker.vhd Line: 70
Info (10041): Inferred latch for "LEDR[1]" at crc_checker.vhd(70) File: /home/mk179/semesters/semester2/aes/labor/github/UniUlm_AES_Labor/L6/A1/Quartus/crc_checker.vhd Line: 70
Info (10041): Inferred latch for "LEDR[2]" at crc_checker.vhd(70) File: /home/mk179/semesters/semester2/aes/labor/github/UniUlm_AES_Labor/L6/A1/Quartus/crc_checker.vhd Line: 70
Info (10041): Inferred latch for "LEDR[3]" at crc_checker.vhd(70) File: /home/mk179/semesters/semester2/aes/labor/github/UniUlm_AES_Labor/L6/A1/Quartus/crc_checker.vhd Line: 70
Info (10041): Inferred latch for "LEDR[4]" at crc_checker.vhd(70) File: /home/mk179/semesters/semester2/aes/labor/github/UniUlm_AES_Labor/L6/A1/Quartus/crc_checker.vhd Line: 70
Info (10041): Inferred latch for "LEDR[5]" at crc_checker.vhd(70) File: /home/mk179/semesters/semester2/aes/labor/github/UniUlm_AES_Labor/L6/A1/Quartus/crc_checker.vhd Line: 70
Info (10041): Inferred latch for "LEDR[6]" at crc_checker.vhd(70) File: /home/mk179/semesters/semester2/aes/labor/github/UniUlm_AES_Labor/L6/A1/Quartus/crc_checker.vhd Line: 70
Info (10041): Inferred latch for "LEDR[7]" at crc_checker.vhd(70) File: /home/mk179/semesters/semester2/aes/labor/github/UniUlm_AES_Labor/L6/A1/Quartus/crc_checker.vhd Line: 70
Info (10041): Inferred latch for "s_adr_in[0]" at crc_checker.vhd(27) File: /home/mk179/semesters/semester2/aes/labor/github/UniUlm_AES_Labor/L6/A1/Quartus/crc_checker.vhd Line: 27
Info (10041): Inferred latch for "s_adr_in[1]" at crc_checker.vhd(27) File: /home/mk179/semesters/semester2/aes/labor/github/UniUlm_AES_Labor/L6/A1/Quartus/crc_checker.vhd Line: 27
Info (10041): Inferred latch for "s_adr_in[2]" at crc_checker.vhd(27) File: /home/mk179/semesters/semester2/aes/labor/github/UniUlm_AES_Labor/L6/A1/Quartus/crc_checker.vhd Line: 27
Info (10041): Inferred latch for "s_adr_in[3]" at crc_checker.vhd(27) File: /home/mk179/semesters/semester2/aes/labor/github/UniUlm_AES_Labor/L6/A1/Quartus/crc_checker.vhd Line: 27
Info (10041): Inferred latch for "s_adr_in[4]" at crc_checker.vhd(27) File: /home/mk179/semesters/semester2/aes/labor/github/UniUlm_AES_Labor/L6/A1/Quartus/crc_checker.vhd Line: 27
Info (10041): Inferred latch for "s_adr_in[5]" at crc_checker.vhd(27) File: /home/mk179/semesters/semester2/aes/labor/github/UniUlm_AES_Labor/L6/A1/Quartus/crc_checker.vhd Line: 27
Info (10041): Inferred latch for "s_adr_in[6]" at crc_checker.vhd(27) File: /home/mk179/semesters/semester2/aes/labor/github/UniUlm_AES_Labor/L6/A1/Quartus/crc_checker.vhd Line: 27
Info (10041): Inferred latch for "s_adr_in[7]" at crc_checker.vhd(27) File: /home/mk179/semesters/semester2/aes/labor/github/UniUlm_AES_Labor/L6/A1/Quartus/crc_checker.vhd Line: 27
Info (10041): Inferred latch for "s_adr_in[8]" at crc_checker.vhd(27) File: /home/mk179/semesters/semester2/aes/labor/github/UniUlm_AES_Labor/L6/A1/Quartus/crc_checker.vhd Line: 27
Info (10041): Inferred latch for "s_adr_in[9]" at crc_checker.vhd(27) File: /home/mk179/semesters/semester2/aes/labor/github/UniUlm_AES_Labor/L6/A1/Quartus/crc_checker.vhd Line: 27
Info (10041): Inferred latch for "s_adr_in[10]" at crc_checker.vhd(27) File: /home/mk179/semesters/semester2/aes/labor/github/UniUlm_AES_Labor/L6/A1/Quartus/crc_checker.vhd Line: 27
Info (10041): Inferred latch for "s_adr_in[11]" at crc_checker.vhd(27) File: /home/mk179/semesters/semester2/aes/labor/github/UniUlm_AES_Labor/L6/A1/Quartus/crc_checker.vhd Line: 27
Info (10041): Inferred latch for "s_adr_in[12]" at crc_checker.vhd(27) File: /home/mk179/semesters/semester2/aes/labor/github/UniUlm_AES_Labor/L6/A1/Quartus/crc_checker.vhd Line: 27
Info (10041): Inferred latch for "s_adr_in[13]" at crc_checker.vhd(27) File: /home/mk179/semesters/semester2/aes/labor/github/UniUlm_AES_Labor/L6/A1/Quartus/crc_checker.vhd Line: 27
Info (10041): Inferred latch for "s_adr_in[14]" at crc_checker.vhd(27) File: /home/mk179/semesters/semester2/aes/labor/github/UniUlm_AES_Labor/L6/A1/Quartus/crc_checker.vhd Line: 27
Info (10041): Inferred latch for "s_adr_in[15]" at crc_checker.vhd(27) File: /home/mk179/semesters/semester2/aes/labor/github/UniUlm_AES_Labor/L6/A1/Quartus/crc_checker.vhd Line: 27
Info (10041): Inferred latch for "s_adr_in[16]" at crc_checker.vhd(27) File: /home/mk179/semesters/semester2/aes/labor/github/UniUlm_AES_Labor/L6/A1/Quartus/crc_checker.vhd Line: 27
Info (10041): Inferred latch for "s_adr_in[17]" at crc_checker.vhd(27) File: /home/mk179/semesters/semester2/aes/labor/github/UniUlm_AES_Labor/L6/A1/Quartus/crc_checker.vhd Line: 27
Info (10041): Inferred latch for "s_adr_in[18]" at crc_checker.vhd(27) File: /home/mk179/semesters/semester2/aes/labor/github/UniUlm_AES_Labor/L6/A1/Quartus/crc_checker.vhd Line: 27
Info (10041): Inferred latch for "s_adr_in[19]" at crc_checker.vhd(27) File: /home/mk179/semesters/semester2/aes/labor/github/UniUlm_AES_Labor/L6/A1/Quartus/crc_checker.vhd Line: 27
Info (10041): Inferred latch for "s_adr_in[20]" at crc_checker.vhd(27) File: /home/mk179/semesters/semester2/aes/labor/github/UniUlm_AES_Labor/L6/A1/Quartus/crc_checker.vhd Line: 27
Info (10041): Inferred latch for "s_adr_in[21]" at crc_checker.vhd(27) File: /home/mk179/semesters/semester2/aes/labor/github/UniUlm_AES_Labor/L6/A1/Quartus/crc_checker.vhd Line: 27
Info (10041): Inferred latch for "s_adr_in[22]" at crc_checker.vhd(27) File: /home/mk179/semesters/semester2/aes/labor/github/UniUlm_AES_Labor/L6/A1/Quartus/crc_checker.vhd Line: 27
Info (10041): Inferred latch for "s_adr_in[23]" at crc_checker.vhd(27) File: /home/mk179/semesters/semester2/aes/labor/github/UniUlm_AES_Labor/L6/A1/Quartus/crc_checker.vhd Line: 27
Info (10041): Inferred latch for "s_adr_in[24]" at crc_checker.vhd(27) File: /home/mk179/semesters/semester2/aes/labor/github/UniUlm_AES_Labor/L6/A1/Quartus/crc_checker.vhd Line: 27
Info (10041): Inferred latch for "s_adr_in[25]" at crc_checker.vhd(27) File: /home/mk179/semesters/semester2/aes/labor/github/UniUlm_AES_Labor/L6/A1/Quartus/crc_checker.vhd Line: 27
Info (10041): Inferred latch for "s_adr_in[26]" at crc_checker.vhd(27) File: /home/mk179/semesters/semester2/aes/labor/github/UniUlm_AES_Labor/L6/A1/Quartus/crc_checker.vhd Line: 27
Info (10041): Inferred latch for "s_adr_in[27]" at crc_checker.vhd(27) File: /home/mk179/semesters/semester2/aes/labor/github/UniUlm_AES_Labor/L6/A1/Quartus/crc_checker.vhd Line: 27
Info (10041): Inferred latch for "s_adr_in[28]" at crc_checker.vhd(27) File: /home/mk179/semesters/semester2/aes/labor/github/UniUlm_AES_Labor/L6/A1/Quartus/crc_checker.vhd Line: 27
Info (10041): Inferred latch for "s_adr_in[29]" at crc_checker.vhd(27) File: /home/mk179/semesters/semester2/aes/labor/github/UniUlm_AES_Labor/L6/A1/Quartus/crc_checker.vhd Line: 27
Info (10041): Inferred latch for "s_adr_in[30]" at crc_checker.vhd(27) File: /home/mk179/semesters/semester2/aes/labor/github/UniUlm_AES_Labor/L6/A1/Quartus/crc_checker.vhd Line: 27
Info (10041): Inferred latch for "s_adr_in[31]" at crc_checker.vhd(27) File: /home/mk179/semesters/semester2/aes/labor/github/UniUlm_AES_Labor/L6/A1/Quartus/crc_checker.vhd Line: 27
Info (10041): Inferred latch for "s_address" at crc_checker.vhd(27) File: /home/mk179/semesters/semester2/aes/labor/github/UniUlm_AES_Labor/L6/A1/Quartus/crc_checker.vhd Line: 27
Info (12129): Elaborating entity "crc_checker_logic" using architecture "A:behavior" for hierarchy "crc_checker_logic:CRC" File: /home/mk179/semesters/semester2/aes/labor/github/UniUlm_AES_Labor/L6/A1/Quartus/crc_checker.vhd Line: 24
Warning (10492): VHDL Process Statement warning at crc_checker_logic.vhd(45): signal "P_ADDRESS" is read inside the Process Statement but isn't in the Process Statement's sensitivity list File: /home/mk179/semesters/semester2/aes/labor/github/UniUlm_AES_Labor/L6/A1/Quartus/crc_checker_logic.vhd Line: 45
Warning (10492): VHDL Process Statement warning at crc_checker_logic.vhd(49): signal "P_ADDRESS" is read inside the Process Statement but isn't in the Process Statement's sensitivity list File: /home/mk179/semesters/semester2/aes/labor/github/UniUlm_AES_Labor/L6/A1/Quartus/crc_checker_logic.vhd Line: 49
Warning (10492): VHDL Process Statement warning at crc_checker_logic.vhd(58): signal "s_adr1_register" is read inside the Process Statement but isn't in the Process Statement's sensitivity list File: /home/mk179/semesters/semester2/aes/labor/github/UniUlm_AES_Labor/L6/A1/Quartus/crc_checker_logic.vhd Line: 58
Warning (10631): VHDL Process Statement warning at crc_checker_logic.vhd(28): inferring latch(es) for signal or variable "s_adr0_register", which holds its previous value in one or more paths through the process File: /home/mk179/semesters/semester2/aes/labor/github/UniUlm_AES_Labor/L6/A1/Quartus/crc_checker_logic.vhd Line: 28
Warning (10631): VHDL Process Statement warning at crc_checker_logic.vhd(28): inferring latch(es) for signal or variable "s_adr1_register", which holds its previous value in one or more paths through the process File: /home/mk179/semesters/semester2/aes/labor/github/UniUlm_AES_Labor/L6/A1/Quartus/crc_checker_logic.vhd Line: 28
Info (10041): Inferred latch for "s_adr1_register[24]" at crc_checker_logic.vhd(28) File: /home/mk179/semesters/semester2/aes/labor/github/UniUlm_AES_Labor/L6/A1/Quartus/crc_checker_logic.vhd Line: 28
Info (10041): Inferred latch for "s_adr1_register[25]" at crc_checker_logic.vhd(28) File: /home/mk179/semesters/semester2/aes/labor/github/UniUlm_AES_Labor/L6/A1/Quartus/crc_checker_logic.vhd Line: 28
Info (10041): Inferred latch for "s_adr1_register[26]" at crc_checker_logic.vhd(28) File: /home/mk179/semesters/semester2/aes/labor/github/UniUlm_AES_Labor/L6/A1/Quartus/crc_checker_logic.vhd Line: 28
Info (10041): Inferred latch for "s_adr1_register[27]" at crc_checker_logic.vhd(28) File: /home/mk179/semesters/semester2/aes/labor/github/UniUlm_AES_Labor/L6/A1/Quartus/crc_checker_logic.vhd Line: 28
Info (10041): Inferred latch for "s_adr1_register[28]" at crc_checker_logic.vhd(28) File: /home/mk179/semesters/semester2/aes/labor/github/UniUlm_AES_Labor/L6/A1/Quartus/crc_checker_logic.vhd Line: 28
Info (10041): Inferred latch for "s_adr1_register[29]" at crc_checker_logic.vhd(28) File: /home/mk179/semesters/semester2/aes/labor/github/UniUlm_AES_Labor/L6/A1/Quartus/crc_checker_logic.vhd Line: 28
Info (10041): Inferred latch for "s_adr1_register[30]" at crc_checker_logic.vhd(28) File: /home/mk179/semesters/semester2/aes/labor/github/UniUlm_AES_Labor/L6/A1/Quartus/crc_checker_logic.vhd Line: 28
Info (10041): Inferred latch for "s_adr1_register[31]" at crc_checker_logic.vhd(28) File: /home/mk179/semesters/semester2/aes/labor/github/UniUlm_AES_Labor/L6/A1/Quartus/crc_checker_logic.vhd Line: 28
Info (10041): Inferred latch for "s_adr0_register[0]" at crc_checker_logic.vhd(28) File: /home/mk179/semesters/semester2/aes/labor/github/UniUlm_AES_Labor/L6/A1/Quartus/crc_checker_logic.vhd Line: 28
Info (10041): Inferred latch for "s_adr0_register[1]" at crc_checker_logic.vhd(28) File: /home/mk179/semesters/semester2/aes/labor/github/UniUlm_AES_Labor/L6/A1/Quartus/crc_checker_logic.vhd Line: 28
Info (10041): Inferred latch for "s_adr0_register[2]" at crc_checker_logic.vhd(28) File: /home/mk179/semesters/semester2/aes/labor/github/UniUlm_AES_Labor/L6/A1/Quartus/crc_checker_logic.vhd Line: 28
Info (10041): Inferred latch for "s_adr0_register[3]" at crc_checker_logic.vhd(28) File: /home/mk179/semesters/semester2/aes/labor/github/UniUlm_AES_Labor/L6/A1/Quartus/crc_checker_logic.vhd Line: 28
Info (10041): Inferred latch for "s_adr0_register[4]" at crc_checker_logic.vhd(28) File: /home/mk179/semesters/semester2/aes/labor/github/UniUlm_AES_Labor/L6/A1/Quartus/crc_checker_logic.vhd Line: 28
Info (10041): Inferred latch for "s_adr0_register[5]" at crc_checker_logic.vhd(28) File: /home/mk179/semesters/semester2/aes/labor/github/UniUlm_AES_Labor/L6/A1/Quartus/crc_checker_logic.vhd Line: 28
Info (10041): Inferred latch for "s_adr0_register[6]" at crc_checker_logic.vhd(28) File: /home/mk179/semesters/semester2/aes/labor/github/UniUlm_AES_Labor/L6/A1/Quartus/crc_checker_logic.vhd Line: 28
Info (10041): Inferred latch for "s_adr0_register[7]" at crc_checker_logic.vhd(28) File: /home/mk179/semesters/semester2/aes/labor/github/UniUlm_AES_Labor/L6/A1/Quartus/crc_checker_logic.vhd Line: 28
Info (10041): Inferred latch for "s_adr0_register[8]" at crc_checker_logic.vhd(28) File: /home/mk179/semesters/semester2/aes/labor/github/UniUlm_AES_Labor/L6/A1/Quartus/crc_checker_logic.vhd Line: 28
Info (10041): Inferred latch for "s_adr0_register[9]" at crc_checker_logic.vhd(28) File: /home/mk179/semesters/semester2/aes/labor/github/UniUlm_AES_Labor/L6/A1/Quartus/crc_checker_logic.vhd Line: 28
Info (10041): Inferred latch for "s_adr0_register[10]" at crc_checker_logic.vhd(28) File: /home/mk179/semesters/semester2/aes/labor/github/UniUlm_AES_Labor/L6/A1/Quartus/crc_checker_logic.vhd Line: 28
Info (10041): Inferred latch for "s_adr0_register[11]" at crc_checker_logic.vhd(28) File: /home/mk179/semesters/semester2/aes/labor/github/UniUlm_AES_Labor/L6/A1/Quartus/crc_checker_logic.vhd Line: 28
Info (10041): Inferred latch for "s_adr0_register[12]" at crc_checker_logic.vhd(28) File: /home/mk179/semesters/semester2/aes/labor/github/UniUlm_AES_Labor/L6/A1/Quartus/crc_checker_logic.vhd Line: 28
Info (10041): Inferred latch for "s_adr0_register[13]" at crc_checker_logic.vhd(28) File: /home/mk179/semesters/semester2/aes/labor/github/UniUlm_AES_Labor/L6/A1/Quartus/crc_checker_logic.vhd Line: 28
Info (10041): Inferred latch for "s_adr0_register[14]" at crc_checker_logic.vhd(28) File: /home/mk179/semesters/semester2/aes/labor/github/UniUlm_AES_Labor/L6/A1/Quartus/crc_checker_logic.vhd Line: 28
Info (10041): Inferred latch for "s_adr0_register[15]" at crc_checker_logic.vhd(28) File: /home/mk179/semesters/semester2/aes/labor/github/UniUlm_AES_Labor/L6/A1/Quartus/crc_checker_logic.vhd Line: 28
Info (10041): Inferred latch for "s_adr0_register[16]" at crc_checker_logic.vhd(28) File: /home/mk179/semesters/semester2/aes/labor/github/UniUlm_AES_Labor/L6/A1/Quartus/crc_checker_logic.vhd Line: 28
Info (10041): Inferred latch for "s_adr0_register[17]" at crc_checker_logic.vhd(28) File: /home/mk179/semesters/semester2/aes/labor/github/UniUlm_AES_Labor/L6/A1/Quartus/crc_checker_logic.vhd Line: 28
Info (10041): Inferred latch for "s_adr0_register[18]" at crc_checker_logic.vhd(28) File: /home/mk179/semesters/semester2/aes/labor/github/UniUlm_AES_Labor/L6/A1/Quartus/crc_checker_logic.vhd Line: 28
Info (10041): Inferred latch for "s_adr0_register[19]" at crc_checker_logic.vhd(28) File: /home/mk179/semesters/semester2/aes/labor/github/UniUlm_AES_Labor/L6/A1/Quartus/crc_checker_logic.vhd Line: 28
Info (10041): Inferred latch for "s_adr0_register[20]" at crc_checker_logic.vhd(28) File: /home/mk179/semesters/semester2/aes/labor/github/UniUlm_AES_Labor/L6/A1/Quartus/crc_checker_logic.vhd Line: 28
Info (10041): Inferred latch for "s_adr0_register[21]" at crc_checker_logic.vhd(28) File: /home/mk179/semesters/semester2/aes/labor/github/UniUlm_AES_Labor/L6/A1/Quartus/crc_checker_logic.vhd Line: 28
Info (10041): Inferred latch for "s_adr0_register[22]" at crc_checker_logic.vhd(28) File: /home/mk179/semesters/semester2/aes/labor/github/UniUlm_AES_Labor/L6/A1/Quartus/crc_checker_logic.vhd Line: 28
Info (10041): Inferred latch for "s_adr0_register[23]" at crc_checker_logic.vhd(28) File: /home/mk179/semesters/semester2/aes/labor/github/UniUlm_AES_Labor/L6/A1/Quartus/crc_checker_logic.vhd Line: 28
Info (10041): Inferred latch for "s_adr0_register[24]" at crc_checker_logic.vhd(28) File: /home/mk179/semesters/semester2/aes/labor/github/UniUlm_AES_Labor/L6/A1/Quartus/crc_checker_logic.vhd Line: 28
Info (10041): Inferred latch for "s_adr0_register[25]" at crc_checker_logic.vhd(28) File: /home/mk179/semesters/semester2/aes/labor/github/UniUlm_AES_Labor/L6/A1/Quartus/crc_checker_logic.vhd Line: 28
Info (10041): Inferred latch for "s_adr0_register[26]" at crc_checker_logic.vhd(28) File: /home/mk179/semesters/semester2/aes/labor/github/UniUlm_AES_Labor/L6/A1/Quartus/crc_checker_logic.vhd Line: 28
Info (10041): Inferred latch for "s_adr0_register[27]" at crc_checker_logic.vhd(28) File: /home/mk179/semesters/semester2/aes/labor/github/UniUlm_AES_Labor/L6/A1/Quartus/crc_checker_logic.vhd Line: 28
Info (10041): Inferred latch for "s_adr0_register[28]" at crc_checker_logic.vhd(28) File: /home/mk179/semesters/semester2/aes/labor/github/UniUlm_AES_Labor/L6/A1/Quartus/crc_checker_logic.vhd Line: 28
Info (10041): Inferred latch for "s_adr0_register[29]" at crc_checker_logic.vhd(28) File: /home/mk179/semesters/semester2/aes/labor/github/UniUlm_AES_Labor/L6/A1/Quartus/crc_checker_logic.vhd Line: 28
Info (10041): Inferred latch for "s_adr0_register[30]" at crc_checker_logic.vhd(28) File: /home/mk179/semesters/semester2/aes/labor/github/UniUlm_AES_Labor/L6/A1/Quartus/crc_checker_logic.vhd Line: 28
Info (10041): Inferred latch for "s_adr0_register[31]" at crc_checker_logic.vhd(28) File: /home/mk179/semesters/semester2/aes/labor/github/UniUlm_AES_Labor/L6/A1/Quartus/crc_checker_logic.vhd Line: 28
Warning (14026): LATCH primitive "LEDR[0]$latch" is permanently enabled File: /home/mk179/semesters/semester2/aes/labor/github/UniUlm_AES_Labor/L6/A1/Quartus/crc_checker.vhd Line: 70
Warning (14026): LATCH primitive "LEDR[1]$latch" is permanently enabled File: /home/mk179/semesters/semester2/aes/labor/github/UniUlm_AES_Labor/L6/A1/Quartus/crc_checker.vhd Line: 70
Warning (14026): LATCH primitive "LEDR[2]$latch" is permanently enabled File: /home/mk179/semesters/semester2/aes/labor/github/UniUlm_AES_Labor/L6/A1/Quartus/crc_checker.vhd Line: 70
Warning (14026): LATCH primitive "LEDR[3]$latch" is permanently enabled File: /home/mk179/semesters/semester2/aes/labor/github/UniUlm_AES_Labor/L6/A1/Quartus/crc_checker.vhd Line: 70
Warning (14026): LATCH primitive "LEDR[4]$latch" is permanently enabled File: /home/mk179/semesters/semester2/aes/labor/github/UniUlm_AES_Labor/L6/A1/Quartus/crc_checker.vhd Line: 70
Warning (14026): LATCH primitive "LEDR[5]$latch" is permanently enabled File: /home/mk179/semesters/semester2/aes/labor/github/UniUlm_AES_Labor/L6/A1/Quartus/crc_checker.vhd Line: 70
Warning (14026): LATCH primitive "LEDR[6]$latch" is permanently enabled File: /home/mk179/semesters/semester2/aes/labor/github/UniUlm_AES_Labor/L6/A1/Quartus/crc_checker.vhd Line: 70
Warning (14026): LATCH primitive "LEDR[7]$latch" is permanently enabled File: /home/mk179/semesters/semester2/aes/labor/github/UniUlm_AES_Labor/L6/A1/Quartus/crc_checker.vhd Line: 70
Warning (13004): Presettable and clearable registers converted to equivalent circuits with latches. Registers power-up to an undefined state, and DEVCLRn places the registers in an undefined state.
    Warning (13310): Register "crc_checker_logic:CRC|s_adr1_register[0]" is converted into an equivalent circuit using register "crc_checker_logic:CRC|s_adr1_register[0]~_emulated" and latch "crc_checker_logic:CRC|s_adr1_register[0]~1" File: /home/mk179/semesters/semester2/aes/labor/github/UniUlm_AES_Labor/L6/A1/Quartus/crc_checker_logic.vhd Line: 61
Warning (13024): Output pins are stuck at VCC or GND
    Warning (13410): Pin "LEDR[8]" is stuck at GND File: /home/mk179/semesters/semester2/aes/labor/github/UniUlm_AES_Labor/L6/A1/Quartus/crc_checker.vhd Line: 11
    Warning (13410): Pin "LEDR[9]" is stuck at GND File: /home/mk179/semesters/semester2/aes/labor/github/UniUlm_AES_Labor/L6/A1/Quartus/crc_checker.vhd Line: 11
Info (286030): Timing-Driven Synthesis is running
Warning (20013): Ignored 24 assignments for entity "lights" -- entity does not exist in design
    Warning (20014): Assignment for entity set_instance_assignment -name PARTITION_HIERARCHY root_partition -to | -entity lights -section_id Top was ignored
    Warning (20014): Assignment for entity set_global_assignment -name PARTITION_NETLIST_TYPE SOURCE -entity lights -section_id Top was ignored
    Warning (20014): Assignment for entity set_global_assignment -name PARTITION_FITTER_PRESERVATION_LEVEL PLACEMENT_AND_ROUTING -entity lights -section_id Top was ignored
    Warning (20014): Assignment for entity set_global_assignment -name PARTITION_PRESERVE_HIGH_SPEED_TILES ON -entity lights -section_id Top was ignored
    Warning (20014): Assignment for entity set_global_assignment -name PARTITION_IGNORE_SOURCE_FILE_CHANGES OFF -entity lights -section_id Top was ignored
    Warning (20014): Assignment for entity set_global_assignment -name PARTITION_ALWAYS_USE_QXP_NETLIST OFF -entity lights -section_id Top was ignored
    Warning (20014): Assignment for entity set_global_assignment -name PARTITION_COLOR 16764057 -entity lights -section_id Top was ignored
    Warning (20014): Assignment for entity set_global_assignment -name PARTITION_IMPORT_ASSIGNMENTS ON -entity lights -section_id Top was ignored
    Warning (20014): Assignment for entity set_global_assignment -name PARTITION_IMPORT_EXISTING_ASSIGNMENTS REPLACE_CONFLICTING -entity lights -section_id Top was ignored
    Warning (20014): Assignment for entity set_global_assignment -name PARTITION_IMPORT_EXISTING_LOGICLOCK_REGIONS UPDATE_CONFLICTING -entity lights -section_id Top was ignored
    Warning (20014): Assignment for entity set_global_assignment -name PARTITION_IMPORT_PIN_ASSIGNMENTS ON -entity lights -section_id Top was ignored
    Warning (20014): Assignment for entity set_global_assignment -name PARTITION_IMPORT_PROMOTE_ASSIGNMENTS ON -entity lights -section_id Top was ignored
    Warning (20014): Assignment for entity set_global_assignment -name PARTITION_TYPE STANDARD_PARTITION -entity lights -section_id Top was ignored
    Warning (20014): Assignment for entity set_global_assignment -name ALLOW_MULTIPLE_PERSONAS OFF -entity lights -section_id Top was ignored
    Warning (20014): Assignment for entity set_global_assignment -name PARTITION_ASD_REGION_ID 1 -entity lights -section_id Top was ignored
    Warning (20014): Assignment for entity set_global_assignment -name CROSS_BOUNDARY_OPTIMIZATIONS OFF -entity lights -section_id Top was ignored
    Warning (20014): Assignment for entity set_global_assignment -name PROPAGATE_CONSTANTS_ON_INPUTS ON -entity lights -section_id Top was ignored
    Warning (20014): Assignment for entity set_global_assignment -name PROPAGATE_INVERSIONS_ON_INPUTS ON -entity lights -section_id Top was ignored
    Warning (20014): Assignment for entity set_global_assignment -name REMOVE_LOGIC_ON_UNCONNECTED_OUTPUTS ON -entity lights -section_id Top was ignored
    Warning (20014): Assignment for entity set_global_assignment -name MERGE_EQUIVALENT_INPUTS ON -entity lights -section_id Top was ignored
    Warning (20014): Assignment for entity set_global_assignment -name MERGE_EQUIVALENT_BIDIRS ON -entity lights -section_id Top was ignored
    Warning (20014): Assignment for entity set_global_assignment -name ABSORB_PATHS_FROM_OUTPUTS_TO_INPUTS ON -entity lights -section_id Top was ignored
    Warning (20014): Assignment for entity set_global_assignment -name PARTITION_EXTRACT_HARD_BLOCK_NODES ON -entity lights -section_id Top was ignored
    Warning (20014): Assignment for entity set_global_assignment -name PARTITION_ENABLE_STRICT_PRESERVATION OFF -entity lights -section_id Top was ignored
Info (16010): Generating hard_block partition "hard_block:auto_generated_inst"
    Info (16011): Adding 0 node(s), including 0 DDIO, 0 PLL, 0 transceiver and 0 LCELL
Info (21057): Implemented 426 device resources after synthesis - the final resource count might be different
    Info (21058): Implemented 15 input pins
    Info (21059): Implemented 10 output pins
    Info (21061): Implemented 401 logic cells
Info: Quartus Prime Analysis & Synthesis was successful. 0 errors, 57 warnings
    Info: Peak virtual memory: 523 megabytes
    Info: Processing ended: Thu Jun  6 12:01:41 2024
    Info: Elapsed time: 00:00:07
    Info: Total CPU time (on all processors): 00:00:13


